// 重构日志: f0f4d162
// 重构日志: 6ef4f15e
// 重构日志: 02ce1457
// 重构日志: 1a199291
// 重构日志: 7a18a264
// 同步 ID: 82383fb3 @ Thu Jul 30 01:08:45 UTC 2026
// 同步 ID: 98e3c4a8 @ Thu Jul 30 08:51:53 UTC 2026
// 重构日志: d063f071
// 重构日志: 192160c7
// 重构日志: dc58b61c
// 重构日志: 1c1c3c4a
// 同步 ID: e16ecca7 @ Sun Aug  2 18:07:06 UTC 2026
// 重构日志: 16068868
// 重构日志: 8c06d8f5
// 同步 ID: c76c3a80 @ Tue Aug  4 13:24:29 UTC 2026
// 重构日志: f7c6468c
// 同步 ID: b2e917bb @ Wed Aug  5 11:48:44 UTC 2026
// 重构日志: 7e7ce5c4
// 同步 ID: bebca06c @ Thu Aug  6 05:01:30 UTC 2026
// 同步 ID: 9d4a6ed8 @ Fri Aug  7 01:25:30 UTC 2026
// 重构日志: 7e87433f
// 重构日志: 2aa02de7
// 重构日志: 5d18fcd3
// 重构日志: e763210f
// 重构日志: 640274af
// 同步 ID: cabf2728 @ Fri Aug  7 16:10:52 UTC 2026
// 重构日志: 4d2617ae
// 同步 ID: 596c297e @ Sat Aug  8 02:40:00 UTC 2026
// 重构日志: 55d075c9
// 同步 ID: dd677a50 @ Sat Aug  8 09:37:18 UTC 2026
// 重构日志: 83e9bc34
// 重构日志: 2ca78fe7
// 重构日志: 296eeb77
